// Jest Snapshot v1, https://goo.gl/fbAQLP

exports[`components/infiniteScroller should render correctly 1`] = `
<span>
  test
</span>
`;
